// Jest Snapshot v1, https://goo.gl/fbAQLP

exports[`App when rendered should render correctly 1`] = `
<div
  className="Calendar-root-1"
>
  <div
    className="Calendar-sidebar-2"
  >
    <WithStyles(ReminderForm)
      handleSave={[Function]}
    />
    <MuiPickersUtilsProvider
      utils={[Function]}
    >
      <PickerWithState
        allowKeyboardControl={true}
        invalidDateMessage="Invalid Date Format"
        label="Calendar Date"
        maxDate={2100-01-01T00:00:00.000Z}
        maxDateMessage="Date should not be after maximal date"
        minDate={1900-01-01T00:00:00.000Z}
        minDateMessage="Date should not be before minimal date"
        onChange={[Function]}
        openTo="year"
        value={2019-10-01T03:00:00.000Z}
        views={
          Array [
            "year",
            "month",
          ]
        }
      />
    </MuiPickersUtilsProvider>
  </div>
  <WithStyles(ReminderForm)
    calendarDate={
      Object {
        "month": 10,
        "year": 2019,
      }
    }
    deleteReminder={[Function]}
    handleDayExpand={[Function]}
    reminders={Array []}
  />
  <WithStyles(RemindersDialog)
    data={
      Object {
        "date": 2017-02-14T12:51:48.000Z,
        "reminders": Array [],
        "weathers": Array [],
      }
    }
    deleteReminder={[Function]}
    editReminder={[Function]}
    getWeatherFromReminders={[Function]}
    handleClose={[Function]}
    open={false}
  />
</div>
`;
