// Jest Snapshot v1, https://goo.gl/fbAQLP

exports[`ReminderForm when rendered should render correctly 1`] = `
<form
  className="ReminderForm-root-1"
  onSubmit={[Function]}
>
  <WithStyles(ForwardRef(TextField))
    id="title"
    label="Title"
    margin="normal"
    onChange={[Function]}
    required={true}
    value=""
  />
  <MuiPickersUtilsProvider
    utils={[Function]}
  >
    <PickerWithState
      allowKeyboardControl={true}
      ampm={true}
      invalidDateMessage="Invalid Date Format"
      maxDate={2100-01-01T00:00:00.000Z}
      maxDateMessage="Date should not be after maximal date"
      minDate={1900-01-01T00:00:00.000Z}
      minDateMessage="Date should not be before minimal date"
      onChange={[Function]}
      openTo="date"
      orientation="portrait"
      required={true}
      showTabs={true}
      value={2017-02-14T12:51:48.000Z}
      views={
        Array [
          "year",
          "date",
          "hours",
          "minutes",
        ]
      }
      wider={true}
    />
  </MuiPickersUtilsProvider>
  <WithStyles(ForwardRef(TextField))
    InputLabelProps={
      Object {
        "shrink": true,
      }
    }
    id="color"
    label="Color"
    margin="normal"
    onChange={[Function]}
    type="color"
    value="#7fffff"
  />
  <default_1$1
    autoActivateFirstSuggest={false}
    className="ReminderForm-geoSuggest-2"
    disabled={false}
    fixtures={Array []}
    getSuggestLabel={[Function]}
    highlightMatch={true}
    ignoreEnter={false}
    ignoreTab={false}
    initialValue=""
    inputClassName="ReminderForm-geoInput-3 MuiInputBase-input MuiInput-input"
    maxFixtures={10}
    minLength={1}
    onKeyDown={[Function]}
    onKeyPress={[Function]}
    onSuggestSelect={[Function]}
    placeholder="City"
    queryDelay={250}
    skipSuggest={[Function]}
    style={Object {}}
    suggestItemActiveClassName="ReminderForm-suggestItemActive-5"
    suggestItemClassName="ReminderForm-suggestItem-4"
    suggestsClassName="ReminderForm-suggestList-6"
    suggestsHiddenClassName="ReminderForm-suggestListHidden-7"
  />
  <WithStyles(ForwardRef(Button))
    color="primary"
    type="submit"
    variant="contained"
  >
    Submit
  </WithStyles(ForwardRef(Button))>
</form>
`;
